Godot Engine v4.7.2.stable.official.ed1daf0bf - https://godotengine.org

[   0% ] first_scan_filesystem | Started Inicialização do Projeto (5 steps)
[   0% ] first_scan_filesystem | Escaneando estrutura de arquivos...
[  16% ] first_scan_filesystem | Carregando nomes de classe globais...
[  33% ] first_scan_filesystem | Verificando GDExtensions...
[  50% ] first_scan_filesystem | Criando scripts autoload...
[  66% ] first_scan_filesystem | Inicializando plugins...
[  83% ] first_scan_filesystem | Iniciando escaneamento de arquivos...
[ DONE ] first_scan_filesystem

[   0% ] update_scripts_classes | Started Registrando classes globais... (3 steps)
[   0% ] update_scripts_classes | 
[  25% ] update_scripts_classes | 
[  50% ] update_scripts_classes | 
[ DONE ] update_scripts_classes

[   0% ] _update_scan_actions | Started Escaneando ações... (11 steps)
[   0% ] _update_scan_actions | game_icon.svg
[   8% ] _update_scan_actions | inity_mark.svg
[  16% ] _update_scan_actions | 01_menu_1280.png
[  25% ] _update_scan_actions | 02_menu_1920.png
[  33% ] _update_scan_actions | 03_dia.png
[  41% ] _update_scan_actions | 04_pausa.png
[  50% ] _update_scan_actions | 05_domesticacao.png
[  58% ] _update_scan_actions | 06_aliado.png
[  66% ] _update_scan_actions | 07_noite.png
[  75% ] _update_scan_actions | 08_vitoria.png
[  83% ] _update_scan_actions | 09_derrota.png
[ DONE ] _update_scan_actions

[   0% ] reimport | Started (Re)Importando Recursos (11 steps)
[   0% ] reimport | Preparando arquivos para reimportação...
[   8% ] reimport | Preparando arquivos para reimportação...
[  16% ] reimport | Preparando arquivos para reimportação...
[  25% ] reimport | Preparando arquivos para reimportação...
[  33% ] reimport | Preparando arquivos para reimportação...
[  41% ] reimport | Preparando arquivos para reimportação...
[  50% ] reimport | Preparando arquivos para reimportação...
[  58% ] reimport | Preparando arquivos para reimportação...
[  66% ] reimport | Preparando arquivos para reimportação...
[  75% ] reimport | Preparando arquivos para reimportação...
[  83% ] reimport | Preparando arquivos para reimportação...
[   0% ] reimport | Executando operações pré-reimportação...
[   0% ] reimport | game_icon.svg
[   8% ] reimport | inity_mark.svg
[  16% ] reimport | 01_menu_1280.png
[  25% ] reimport | 02_menu_1920.png
[  33% ] reimport | 03_dia.png
[  41% ] reimport | 04_pausa.png
[  50% ] reimport | 05_domesticacao.png
[  58% ] reimport | 06_aliado.png
[  66% ] reimport | 07_noite.png
[  75% ] reimport | 08_vitoria.png
[  83% ] reimport | 09_derrota.png
[  91% ] reimport | Finalizando Importação de Recursos...
[ DONE ] reimport

[   0% ] reimport | Started (Re)Importando Recursos (11 steps)
[   0% ] reimport | Executando operações pós-reimportação...
[ DONE ] reimport

[   0% ] loading_editor_layout | Started Carregando editor (5 steps)
[   0% ] loading_editor_layout | Carregando layout do editor...
[  16% ] loading_editor_layout | Carregando abas...
[  33% ] loading_editor_layout | Reabrindo cenas...
[  50% ] loading_editor_layout | Carregando layout do editor central...
[  66% ] loading_editor_layout | Carregando layout da janela de plugins...
[  83% ] loading_editor_layout | Layout do editor pronto.
[ DONE ] loading_editor_layout

